srcscan starts
srcscan exits with return value 0
 VHDL std libs ===========
INFO: VHDL library search path for library "std" is now "C:/Xilinx/Vivado/2023.2/data/precomp_hsv/vhdl/std" (VHDL-1505)
INFO: VHDL library search path for library "synopsys" is now "C:/Xilinx/Vivado/2023.2/data/precomp_hsv/vhdl/synopsys" (VHDL-1505)
INFO: VHDL library search path for library "ieee" is now "C:/Xilinx/Vivado/2023.2/data/precomp_hsv/vhdl/ieee" (VHDL-150srcscan exits with return value 0
for library "unimacro" is now "C:/Xilinx/Vivado/2023.2/data/precomp_hsv/vhdl/unimacro" (VHDL-1505)
INFO: VHDL library search path for library "unisim" is now "C:/Xilinx/Vivado/2023.2/data/precomp_hsv/vhdl/unisim" (VHDL-1505)
INFO: VHDL library search path for library "vl" is now "C:/Xilinx/Vivado/2023.2/data/precomp_hsv/vhdl/vl" (VHDL-1505)
INFO: VHDL library search path for library "xpm" is now "C:/Xilinx/Vivado/2023.2/data/precomp_hsv/vhdl/xpm" (VHDL-1505)
-- Analyzing VHDL file "C:/Users/ferna/AppData/Local/Temp/VivadoEditorAssist15189664246511189163.tmp" into library xil_defaultlib (VHDL-9003)
INFO: analyzing entity 'control_unit' (VHDL-1012)
INFO: analyzing architecture 'Behavioral' of entity 'control_unit' (VHDL-9006)
-- Analyzing VHDL file "C:/Users/ferna/AppData/Local/Temp/VivadoEditorAssist3412599022167930946.tmp" into library xil_defaultlib (VHDL-9003)
INFO: analyzing entity 'mux' (VHDL-1012)
INFO: analyzing architecture 'Behavioral' of entity 'mux' (VHDL-9006)
-- Analyzing VHDL file "C:/Users/ferna/OneDrive/Documentos/uergs/trabalhos/computer-organization/first-work/jaguar40/jaguar40.srcs/sources_1/new/ula.vhd" into library xil_defaultlib (VHDL-9003)
INFO: analyzing entity 'ula' (VHDL-1012)
INFO: analyzing architecture 'Behavioral' of entity 'ula' (VHDL-9006)
-- Analyzing VHDL file "C:/Users/ferna/OneDrive/Documentos/uergs/trabalhos/computer-organization/first-work/jaguar40/jaguar40.srcs/sources_1/new/register_bank.vhd" into library xil_defaultlib (VHDL-9003)
INFO: analyzing entity 'register_bank' (VHDL-1012)
INFO: analyzing architecture 'Behavioral' of entity 'register_bank' (VHDL-9006)
-- Analyzing VHDL file "C:/Users/ferna/OneDrive/Documentos/uergs/trabalhos/computer-organization/first-work/jaguar40/jaguar40.srcs/sources_1/new/pc.vhd" into library xil_defaultlib (VHDL-9003)
INFO: analyzing entity 'pc' (VHDL-1012)
INFO: analyzing architecture 'Behavioral' of entity 'pc' (VHDL-9006)
-- Analyzing VHDL file "C:/Users/ferna/AppData/Local/Temp/VivadoEditorAssist2500414413549577501.tmp" into library xil_defaultlib (VHDL-9003)
INFO: analyzing entity 'memory' (VHDL-1012)
INFO: analyzing architecture 'Behavioral' of entity 'memory' (VHDL-9006)
-- Analyzing VHDL file "C:/Users/ferna/AppData/Local/Temp/VivadoEditorAssist823593702170679408.tmp" into library xil_defaultlib (VHDL-9003)
INFO: analyzing entity 'jaguar40' (VHDL-1012)
INFO: analyzing architecture 'Behavioral' of entity 'jaguar40' (VHDL-9006)
srcscan exits with return value 0
